../Core/Src/main.c:72:6:SPI1_Send	16	static
../Core/Src/main.c:77:6:SPI1_Recv	16	static
../Core/Src/main.c:82:6:W25_Reset	8	static
../Core/Src/main.c:91:6:W25_Read_Data	24	static
../Core/Src/main.c:103:10:W25_Read_ID	16	static
../Core/Src/main.c:114:6:W25_Ini	8	static
../Core/Src/main.c:126:5:main	8	static
../Core/Src/main.c:171:6:SystemClock_Config	72	static
../Core/Src/main.c:211:13:MX_SPI1_Init	8	static
../Core/Src/main.c:249:13:MX_USART1_UART_Init	8	static
../Core/Src/main.c:282:13:MX_GPIO_Init	32	static
../Core/Src/main.c:310:6:Error_Handler	4	static,ignoring_inline_asm
