../Core/Src/main.c:73:6:SPI1_Send	16	static
../Core/Src/main.c:78:6:SPI1_Recv	16	static
../Core/Src/main.c:83:6:W25_Reset	8	static
../Core/Src/main.c:92:6:W25_Read_Data	24	static
../Core/Src/main.c:104:10:W25_Read_ID	48	static
../Core/Src/main.c:122:6:W25_Ini	8	static
../Core/Src/main.c:134:5:main	48	static
../Core/Src/main.c:192:6:SystemClock_Config	72	static
../Core/Src/main.c:232:13:MX_SPI1_Init	8	static
../Core/Src/main.c:270:13:MX_USART1_UART_Init	8	static
../Core/Src/main.c:303:13:MX_GPIO_Init	32	static
../Core/Src/main.c:331:6:Error_Handler	4	static,ignoring_inline_asm
