../Core/Src/w25q_spi.c:4:6:SPI1_Send	16	static
../Core/Src/w25q_spi.c:9:6:SPI1_Recv	16	static
../Core/Src/w25q_spi.c:14:6:W25_Reset	8	static
../Core/Src/w25q_spi.c:23:6:W25_Read_Data	24	static
../Core/Src/w25q_spi.c:35:10:W25_Read_ID	48	static
../Core/Src/w25q_spi.c:53:6:UART_64bit	224	static
../Core/Src/w25q_spi.c:65:6:W25_Read_Page	24	static
../Core/Src/w25q_spi.c:74:6:W25_PrintUart_ReadData	56	static
../Core/Src/w25q_spi.c:107:6:W25_Info	48	static
../Core/Src/w25q_spi.c:181:10:W25_Read_Jedec_ID	16	static
../Core/Src/w25q_spi.c:192:6:W25_Init	8	static
