10:38:29 **** Incremental Build of configuration Debug for project W25Q_SPI ****
make -j8 all 
arm-none-eabi-gcc "../Core/Src/w25q_spi.c" -mcpu=cortex-m3 -std=gnu11 -g3 -DDEBUG -DUSE_HAL_DRIVER -DSTM32F103xB -c -I../Core/Inc -I../Drivers/STM32F1xx_HAL_Driver/Inc/Legacy -I../Drivers/STM32F1xx_HAL_Driver/Inc -I../Drivers/CMSIS/Device/ST/STM32F1xx/Include -I../Drivers/CMSIS/Include -O0 -ffunction-sections -fdata-sections -Wall -fstack-usage -MMD -MP -MF"Core/Src/w25q_spi.d" -MT"Core/Src/w25q_spi.o" --specs=nano.specs -mfloat-abi=soft -mthumb -o "Core/Src/w25q_spi.o"
arm-none-eabi-gcc -o "W25Q_SPI.elf" @"objects.list"   -mcpu=cortex-m3 -T"/home/hoanganh/STM32CubeIDE/workspace_1.11.0/W25Q_SPI/STM32F103C8TX_FLASH.ld" --specs=nosys.specs -Wl,-Map="W25Q_SPI.map" -Wl,--gc-sections -static --specs=nano.specs -mfloat-abi=soft -mthumb -Wl,--start-group -lc -lm -Wl,--end-group
Finished building target: W25Q_SPI.elf
 
arm-none-eabi-size   W25Q_SPI.elf 
arm-none-eabi-objdump -h -S  W25Q_SPI.elf  > "W25Q_SPI.list"
   text	   data	    bss	    dec	    hex	filename
   8760	     20	   1740	  10520	   2918	W25Q_SPI.elf
Finished building: default.size.stdout
 
Finished building: W25Q_SPI.list
 
10:40:50 **** Incremental Build of configuration Debug for project W25Q_SPI ****
make -j8 all 
arm-none-eabi-gcc "../Core/Src/main.c" -mcpu=cortex-m3 -std=gnu11 -g3 -DDEBUG -DUSE_HAL_DRIVER -DSTM32F103xB -c -I../Core/Inc -I../Drivers/STM32F1xx_HAL_Driver/Inc/Legacy -I../Drivers/STM32F1xx_HAL_Driver/Inc -I../Drivers/CMSIS/Device/ST/STM32F1xx/Include -I../Drivers/CMSIS/Include -O0 -ffunction-sections -fdata-sections -Wall -fstack-usage -MMD -MP -MF"Core/Src/main.d" -MT"Core/Src/main.o" --specs=nano.specs -mfloat-abi=soft -mthumb -o "Core/Src/main.o"
arm-none-eabi-gcc "../Core/Src/stm32f1xx_hal_msp.c" -mcpu=cortex-m3 -std=gnu11 -g3 -DDEBUG -DUSE_HAL_DRIVER -DSTM32F103xB -c -I../Core/Inc -I../Drivers/STM32F1xx_HAL_Driver/Inc/Legacy -I../Drivers/STM32F1xx_HAL_Driver/Inc -I../Drivers/CMSIS/Device/ST/STM32F1xx/Include -I../Drivers/CMSIS/Include -O0 -ffunction-sections -fdata-sections -Wall -fstack-usage -MMD -MP -MF"Core/Src/stm32f1xx_hal_msp.d" -MT"Core/Src/stm32f1xx_hal_msp.o" --specs=nano.specs -mfloat-abi=soft -mthumb -o "Core/Src/stm32f1xx_hal_msp.o"
arm-none-eabi-gcc "../Core/Src/stm32f1xx_it.c" -mcpu=cortex-m3 -std=gnu11 -g3 -DDEBUG -DUSE_HAL_DRIVER -DSTM32F103xB -c -I../Core/Inc -I../Drivers/STM32F1xx_HAL_Driver/Inc/Legacy -I../Drivers/STM32F1xx_HAL_Driver/Inc -I../Drivers/CMSIS/Device/ST/STM32F1xx/Include -I../Drivers/CMSIS/Include -O0 -ffunction-sections -fdata-sections -Wall -fstack-usage -MMD -MP -MF"Core/Src/stm32f1xx_it.d" -MT"Core/Src/stm32f1xx_it.o" --specs=nano.specs -mfloat-abi=soft -mthumb -o "Core/Src/stm32f1xx_it.o"
arm-none-eabi-gcc "../Core/Src/w25q_spi.c" -mcpu=cortex-m3 -std=gnu11 -g3 -DDEBUG -DUSE_HAL_DRIVER -DSTM32F103xB -c -I../Core/Inc -I../Drivers/STM32F1xx_HAL_Driver/Inc/Legacy -I../Drivers/STM32F1xx_HAL_Driver/Inc -I../Drivers/CMSIS/Device/ST/STM32F1xx/Include -I../Drivers/CMSIS/Include -O0 -ffunction-sections -fdata-sections -Wall -fstack-usage -MMD -MP -MF"Core/Src/w25q_spi.d" -MT"Core/Src/w25q_spi.o" --specs=nano.specs -mfloat-abi=soft -mthumb -o "Core/Src/w25q_spi.o"
arm-none-eabi-gcc -o "W25Q_SPI.elf" @"objects.list"   -mcpu=cortex-m3 -T"/home/hoanganh/STM32CubeIDE/workspace_1.11.0/W25Q_SPI/STM32F103C8TX_FLASH.ld" --specs=nosys.specs -Wl,-Map="W25Q_SPI.map" -Wl,--gc-sections -static --specs=nano.specs -mfloat-abi=soft -mthumb -Wl,--start-group -lc -lm -Wl,--end-group
Finished building target: W25Q_SPI.elf
 
arm-none-eabi-size   W25Q_SPI.elf 
arm-none-eabi-objdump -h -S  W25Q_SPI.elf  > "W25Q_SPI.list"
   text	   data	    bss	    dec	    hex	filename
  12488	    120	   1760	  14368	   3820	W25Q_SPI.elf
Finished building: default.size.stdout
 
Finished building: W25Q_SPI.list
 
10:40:56 **** Incremental Build of configuration Debug for project W25Q_SPI ****
make -j8 all 
arm-none-eabi-size   W25Q_SPI.elf 
   text	   data	    bss	    dec	    hex	filename
  12488	    120	   1760	  14368	   3820	W25Q_SPI.elf
Finished building: default.size.stdout
 
10:42:24 **** Incremental Build of configuration Debug for project W25Q_SPI ****
make -j8 all 
arm-none-eabi-gcc "../Core/Src/w25q_spi.c" -mcpu=cortex-m3 -std=gnu11 -g3 -DDEBUG -DUSE_HAL_DRIVER -DSTM32F103xB -c -I../Core/Inc -I../Drivers/STM32F1xx_HAL_Driver/Inc/Legacy -I../Drivers/STM32F1xx_HAL_Driver/Inc -I../Drivers/CMSIS/Device/ST/STM32F1xx/Include -I../Drivers/CMSIS/Include -O0 -ffunction-sections -fdata-sections -Wall -fstack-usage -MMD -MP -MF"Core/Src/w25q_spi.d" -MT"Core/Src/w25q_spi.o" --specs=nano.specs -mfloat-abi=soft -mthumb -o "Core/Src/w25q_spi.o"
arm-none-eabi-gcc -o "W25Q_SPI.elf" @"objects.list"   -mcpu=cortex-m3 -T"/home/hoanganh/STM32CubeIDE/workspace_1.11.0/W25Q_SPI/STM32F103C8TX_FLASH.ld" --specs=nosys.specs -Wl,-Map="W25Q_SPI.map" -Wl,--gc-sections -static --specs=nano.specs -mfloat-abi=soft -mthumb -Wl,--start-group -lc -lm -Wl,--end-group
Finished building target: W25Q_SPI.elf
 
arm-none-eabi-size   W25Q_SPI.elf 
arm-none-eabi-objdump -h -S  W25Q_SPI.elf  > "W25Q_SPI.list"
   text	   data	    bss	    dec	    hex	filename
  12472	    120	   1760	  14352	   3810	W25Q_SPI.elf
Finished building: default.size.stdout
 
Finished building: W25Q_SPI.list
 
10:43:02 **** Incremental Build of configuration Debug for project W25Q_SPI ****
make -j8 all 
arm-none-eabi-gcc "../Core/Src/w25q_spi.c" -mcpu=cortex-m3 -std=gnu11 -g3 -DDEBUG -DUSE_HAL_DRIVER -DSTM32F103xB -c -I../Core/Inc -I../Drivers/STM32F1xx_HAL_Driver/Inc/Legacy -I../Drivers/STM32F1xx_HAL_Driver/Inc -I../Drivers/CMSIS/Device/ST/STM32F1xx/Include -I../Drivers/CMSIS/Include -O0 -ffunction-sections -fdata-sections -Wall -fstack-usage -MMD -MP -MF"Core/Src/w25q_spi.d" -MT"Core/Src/w25q_spi.o" --specs=nano.specs -mfloat-abi=soft -mthumb -o "Core/Src/w25q_spi.o"
arm-none-eabi-gcc -o "W25Q_SPI.elf" @"objects.list"   -mcpu=cortex-m3 -T"/home/hoanganh/STM32CubeIDE/workspace_1.11.0/W25Q_SPI/STM32F103C8TX_FLASH.ld" --specs=nosys.specs -Wl,-Map="W25Q_SPI.map" -Wl,--gc-sections -static --specs=nano.specs -mfloat-abi=soft -mthumb -Wl,--start-group -lc -lm -Wl,--end-group
Finished building target: W25Q_SPI.elf
 
arm-none-eabi-size   W25Q_SPI.elf 
arm-none-eabi-objdump -h -S  W25Q_SPI.elf  > "W25Q_SPI.list"
   text	   data	    bss	    dec	    hex	filename
  12488	    120	   1760	  14368	   3820	W25Q_SPI.elf
Finished building: default.size.stdout
 
Finished building: W25Q_SPI.list
 
14:54:29 **** Incremental Build of configuration Debug for project W25Q_SPI ****
make -j8 all 
arm-none-eabi-gcc "../Core/Src/main.c" -mcpu=cortex-m3 -std=gnu11 -g3 -DDEBUG -DUSE_HAL_DRIVER -DSTM32F103xB -c -I../Core/Inc -I../Drivers/STM32F1xx_HAL_Driver/Inc/Legacy -I../Drivers/STM32F1xx_HAL_Driver/Inc -I../Drivers/CMSIS/Device/ST/STM32F1xx/Include -I../Drivers/CMSIS/Include -O0 -ffunction-sections -fdata-sections -Wall -fstack-usage -MMD -MP -MF"Core/Src/main.d" -MT"Core/Src/main.o" --specs=nano.specs -mfloat-abi=soft -mthumb -o "Core/Src/main.o"
arm-none-eabi-gcc "../Core/Src/w25q_spi.c" -mcpu=cortex-m3 -std=gnu11 -g3 -DDEBUG -DUSE_HAL_DRIVER -DSTM32F103xB -c -I../Core/Inc -I../Drivers/STM32F1xx_HAL_Driver/Inc/Legacy -I../Drivers/STM32F1xx_HAL_Driver/Inc -I../Drivers/CMSIS/Device/ST/STM32F1xx/Include -I../Drivers/CMSIS/Include -O0 -ffunction-sections -fdata-sections -Wall -fstack-usage -MMD -MP -MF"Core/Src/w25q_spi.d" -MT"Core/Src/w25q_spi.o" --specs=nano.specs -mfloat-abi=soft -mthumb -o "Core/Src/w25q_spi.o"
arm-none-eabi-gcc -o "W25Q_SPI.elf" @"objects.list"   -mcpu=cortex-m3 -T"/home/hoanganh/STM32CubeIDE/workspace_1.11.0/W25Q_SPI/STM32F103C8TX_FLASH.ld" --specs=nosys.specs -Wl,-Map="W25Q_SPI.map" -Wl,--gc-sections -static --specs=nano.specs -mfloat-abi=soft -mthumb -Wl,--start-group -lc -lm -Wl,--end-group
Finished building target: W25Q_SPI.elf
 
arm-none-eabi-size   W25Q_SPI.elf 
arm-none-eabi-objdump -h -S  W25Q_SPI.elf  > "W25Q_SPI.list"
   text	   data	    bss	    dec	    hex	filename
  12312	    120	   1760	  14192	   3770	W25Q_SPI.elf
Finished building: default.size.stdout
 
Finished building: W25Q_SPI.list
 
14:54:53 **** Incremental Build of configuration Debug for project W25Q_SPI ****
make -j8 all 
arm-none-eabi-gcc "../Core/Src/w25q_spi.c" -mcpu=cortex-m3 -std=gnu11 -g3 -DDEBUG -DUSE_HAL_DRIVER -DSTM32F103xB -c -I../Core/Inc -I../Drivers/STM32F1xx_HAL_Driver/Inc/Legacy -I../Drivers/STM32F1xx_HAL_Driver/Inc -I../Drivers/CMSIS/Device/ST/STM32F1xx/Include -I../Drivers/CMSIS/Include -O0 -ffunction-sections -fdata-sections -Wall -fstack-usage -MMD -MP -MF"Core/Src/w25q_spi.d" -MT"Core/Src/w25q_spi.o" --specs=nano.specs -mfloat-abi=soft -mthumb -o "Core/Src/w25q_spi.o"
arm-none-eabi-gcc -o "W25Q_SPI.elf" @"objects.list"   -mcpu=cortex-m3 -T"/home/hoanganh/STM32CubeIDE/workspace_1.11.0/W25Q_SPI/STM32F103C8TX_FLASH.ld" --specs=nosys.specs -Wl,-Map="W25Q_SPI.map" -Wl,--gc-sections -static --specs=nano.specs -mfloat-abi=soft -mthumb -Wl,--start-group -lc -lm -Wl,--end-group
Finished building target: W25Q_SPI.elf
 
arm-none-eabi-size   W25Q_SPI.elf 
arm-none-eabi-objdump -h -S  W25Q_SPI.elf  > "W25Q_SPI.list"
   text	   data	    bss	    dec	    hex	filename
  12320	    120	   1760	  14200	   3778	W25Q_SPI.elf
Finished building: default.size.stdout
 
Finished building: W25Q_SPI.list
 
14:56:01 **** Incremental Build of configuration Debug for project W25Q_SPI ****
make -j8 all 
arm-none-eabi-gcc "../Core/Src/w25q_spi.c" -mcpu=cortex-m3 -std=gnu11 -g3 -DDEBUG -DUSE_HAL_DRIVER -DSTM32F103xB -c -I../Core/Inc -I../Drivers/STM32F1xx_HAL_Driver/Inc/Legacy -I../Drivers/STM32F1xx_HAL_Driver/Inc -I../Drivers/CMSIS/Device/ST/STM32F1xx/Include -I../Drivers/CMSIS/Include -O0 -ffunction-sections -fdata-sections -Wall -fstack-usage -MMD -MP -MF"Core/Src/w25q_spi.d" -MT"Core/Src/w25q_spi.o" --specs=nano.specs -mfloat-abi=soft -mthumb -o "Core/Src/w25q_spi.o"
arm-none-eabi-gcc -o "W25Q_SPI.elf" @"objects.list"   -mcpu=cortex-m3 -T"/home/hoanganh/STM32CubeIDE/workspace_1.11.0/W25Q_SPI/STM32F103C8TX_FLASH.ld" --specs=nosys.specs -Wl,-Map="W25Q_SPI.map" -Wl,--gc-sections -static --specs=nano.specs -mfloat-abi=soft -mthumb -Wl,--start-group -lc -lm -Wl,--end-group
Finished building target: W25Q_SPI.elf
 
arm-none-eabi-size   W25Q_SPI.elf 
arm-none-eabi-objdump -h -S  W25Q_SPI.elf  > "W25Q_SPI.list"
   text	   data	    bss	    dec	    hex	filename
  12320	    120	   1760	  14200	   3778	W25Q_SPI.elf
Finished building: default.size.stdout
 
Finished building: W25Q_SPI.list
 
14:57:01 **** Incremental Build of configuration Debug for project W25Q_SPI ****
make -j8 all 
arm-none-eabi-size   W25Q_SPI.elf 
   text	   data	    bss	    dec	    hex	filename
  12320	    120	   1760	  14200	   3778	W25Q_SPI.elf
Finished building: default.size.stdout
 
14:57:16 **** Incremental Build of configuration Debug for project W25Q_SPI ****
make -j8 all 
arm-none-eabi-size   W25Q_SPI.elf 
   text	   data	    bss	    dec	    hex	filename
  12320	    120	   1760	  14200	   3778	W25Q_SPI.elf
Finished building: default.size.stdout
 
14:58:04 **** Incremental Build of configuration Debug for project W25Q_SPI ****
make -j8 all 
arm-none-eabi-size   W25Q_SPI.elf 
   text	   data	    bss	    dec	    hex	filename
  12320	    120	   1760	  14200	   3778	W25Q_SPI.elf
Finished building: default.size.stdout
 
15:17:34 **** Incremental Build of configuration Debug for project W25Q_SPI ****
make -j8 all 
arm-none-eabi-gcc "../Core/Src/main.c" -mcpu=cortex-m3 -std=gnu11 -g3 -DDEBUG -DUSE_HAL_DRIVER -DSTM32F103xB -c -I../Core/Inc -I../Drivers/STM32F1xx_HAL_Driver/Inc/Legacy -I../Drivers/STM32F1xx_HAL_Driver/Inc -I../Drivers/CMSIS/Device/ST/STM32F1xx/Include -I../Drivers/CMSIS/Include -O0 -ffunction-sections -fdata-sections -Wall -fstack-usage -MMD -MP -MF"Core/Src/main.d" -MT"Core/Src/main.o" --specs=nano.specs -mfloat-abi=soft -mthumb -o "Core/Src/main.o"
arm-none-eabi-gcc "../Core/Src/stm32f1xx_hal_msp.c" -mcpu=cortex-m3 -std=gnu11 -g3 -DDEBUG -DUSE_HAL_DRIVER -DSTM32F103xB -c -I../Core/Inc -I../Drivers/STM32F1xx_HAL_Driver/Inc/Legacy -I../Drivers/STM32F1xx_HAL_Driver/Inc -I../Drivers/CMSIS/Device/ST/STM32F1xx/Include -I../Drivers/CMSIS/Include -O0 -ffunction-sections -fdata-sections -Wall -fstack-usage -MMD -MP -MF"Core/Src/stm32f1xx_hal_msp.d" -MT"Core/Src/stm32f1xx_hal_msp.o" --specs=nano.specs -mfloat-abi=soft -mthumb -o "Core/Src/stm32f1xx_hal_msp.o"
arm-none-eabi-gcc "../Core/Src/stm32f1xx_it.c" -mcpu=cortex-m3 -std=gnu11 -g3 -DDEBUG -DUSE_HAL_DRIVER -DSTM32F103xB -c -I../Core/Inc -I../Drivers/STM32F1xx_HAL_Driver/Inc/Legacy -I../Drivers/STM32F1xx_HAL_Driver/Inc -I../Drivers/CMSIS/Device/ST/STM32F1xx/Include -I../Drivers/CMSIS/Include -O0 -ffunction-sections -fdata-sections -Wall -fstack-usage -MMD -MP -MF"Core/Src/stm32f1xx_it.d" -MT"Core/Src/stm32f1xx_it.o" --specs=nano.specs -mfloat-abi=soft -mthumb -o "Core/Src/stm32f1xx_it.o"
arm-none-eabi-gcc "../Core/Src/w25q_spi.c" -mcpu=cortex-m3 -std=gnu11 -g3 -DDEBUG -DUSE_HAL_DRIVER -DSTM32F103xB -c -I../Core/Inc -I../Drivers/STM32F1xx_HAL_Driver/Inc/Legacy -I../Drivers/STM32F1xx_HAL_Driver/Inc -I../Drivers/CMSIS/Device/ST/STM32F1xx/Include -I../Drivers/CMSIS/Include -O0 -ffunction-sections -fdata-sections -Wall -fstack-usage -MMD -MP -MF"Core/Src/w25q_spi.d" -MT"Core/Src/w25q_spi.o" --specs=nano.specs -mfloat-abi=soft -mthumb -o "Core/Src/w25q_spi.o"
arm-none-eabi-gcc -o "W25Q_SPI.elf" @"objects.list"   -mcpu=cortex-m3 -T"/home/hoanganh/STM32CubeIDE/workspace_1.11.0/W25Q_SPI/STM32F103C8TX_FLASH.ld" --specs=nosys.specs -Wl,-Map="W25Q_SPI.map" -Wl,--gc-sections -static --specs=nano.specs -mfloat-abi=soft -mthumb -Wl,--start-group -lc -lm -Wl,--end-group
Finished building target: W25Q_SPI.elf
 
arm-none-eabi-size   W25Q_SPI.elf 
arm-none-eabi-objdump -h -S  W25Q_SPI.elf  > "W25Q_SPI.list"
   text	   data	    bss	    dec	    hex	filename
  12488	    120	   1760	  14368	   3820	W25Q_SPI.elf
Finished building: default.size.stdout
 
Finished building: W25Q_SPI.list
 
15:18:14 **** Incremental Build of configuration Debug for project W25Q_SPI ****
make -j8 all 
arm-none-eabi-size   W25Q_SPI.elf 
   text	   data	    bss	    dec	    hex	filename
  12488	    120	   1760	  14368	   3820	W25Q_SPI.elf
Finished building: default.size.stdout
 
15:19:03 **** Incremental Build of configuration Debug for project W25Q_SPI ****
make -j8 all 
arm-none-eabi-size   W25Q_SPI.elf 
   text	   data	    bss	    dec	    hex	filename
  12488	    120	   1760	  14368	   3820	W25Q_SPI.elf
Finished building: default.size.stdout
 
15:20:06 **** Incremental Build of configuration Debug for project W25Q_SPI ****
make -j8 all 
arm-none-eabi-size   W25Q_SPI.elf 
   text	   data	    bss	    dec	    hex	filename
  12488	    120	   1760	  14368	   3820	W25Q_SPI.elf
Finished building: default.size.stdout
 
15:21:33 **** Incremental Build of configuration Debug for project W25Q_SPI ****
make -j8 all 
arm-none-eabi-gcc "../Core/Src/w25q_spi.c" -mcpu=cortex-m3 -std=gnu11 -g3 -DDEBUG -DUSE_HAL_DRIVER -DSTM32F103xB -c -I../Core/Inc -I../Drivers/STM32F1xx_HAL_Driver/Inc/Legacy -I../Drivers/STM32F1xx_HAL_Driver/Inc -I../Drivers/CMSIS/Device/ST/STM32F1xx/Include -I../Drivers/CMSIS/Include -O0 -ffunction-sections -fdata-sections -Wall -fstack-usage -MMD -MP -MF"Core/Src/w25q_spi.d" -MT"Core/Src/w25q_spi.o" --specs=nano.specs -mfloat-abi=soft -mthumb -o "Core/Src/w25q_spi.o"
arm-none-eabi-gcc -o "W25Q_SPI.elf" @"objects.list"   -mcpu=cortex-m3 -T"/home/hoanganh/STM32CubeIDE/workspace_1.11.0/W25Q_SPI/STM32F103C8TX_FLASH.ld" --specs=nosys.specs -Wl,-Map="W25Q_SPI.map" -Wl,--gc-sections -static --specs=nano.specs -mfloat-abi=soft -mthumb -Wl,--start-group -lc -lm -Wl,--end-group
Finished building target: W25Q_SPI.elf
 
arm-none-eabi-size   W25Q_SPI.elf 
arm-none-eabi-objdump -h -S  W25Q_SPI.elf  > "W25Q_SPI.list"
   text	   data	    bss	    dec	    hex	filename
  12488	    120	   1760	  14368	   3820	W25Q_SPI.elf
Finished building: default.size.stdout
 
Finished building: W25Q_SPI.list
 
15:22:15 **** Incremental Build of configuration Debug for project W25Q_SPI ****
make -j8 all 
arm-none-eabi-size   W25Q_SPI.elf 
   text	   data	    bss	    dec	    hex	filename
  12488	    120	   1760	  14368	   3820	W25Q_SPI.elf
Finished building: default.size.stdout
 
15:41:54 **** Incremental Build of configuration Debug for project W25Q_SPI ****
make -j8 all 
arm-none-eabi-gcc "../Core/Src/w25q_spi.c" -mcpu=cortex-m3 -std=gnu11 -g3 -DDEBUG -DUSE_HAL_DRIVER -DSTM32F103xB -c -I../Core/Inc -I../Drivers/STM32F1xx_HAL_Driver/Inc/Legacy -I../Drivers/STM32F1xx_HAL_Driver/Inc -I../Drivers/CMSIS/Device/ST/STM32F1xx/Include -I../Drivers/CMSIS/Include -O0 -ffunction-sections -fdata-sections -Wall -fstack-usage -MMD -MP -MF"Core/Src/w25q_spi.d" -MT"Core/Src/w25q_spi.o" --specs=nano.specs -mfloat-abi=soft -mthumb -o "Core/Src/w25q_spi.o"
arm-none-eabi-gcc -o "W25Q_SPI.elf" @"objects.list"   -mcpu=cortex-m3 -T"/home/hoanganh/STM32CubeIDE/workspace_1.11.0/W25Q_SPI/STM32F103C8TX_FLASH.ld" --specs=nosys.specs -Wl,-Map="W25Q_SPI.map" -Wl,--gc-sections -static --specs=nano.specs -mfloat-abi=soft -mthumb -Wl,--start-group -lc -lm -Wl,--end-group
Finished building target: W25Q_SPI.elf
 
arm-none-eabi-size   W25Q_SPI.elf 
arm-none-eabi-objdump -h -S  W25Q_SPI.elf  > "W25Q_SPI.list"
   text	   data	    bss	    dec	    hex	filename
  12488	    120	   1760	  14368	   3820	W25Q_SPI.elf
Finished building: default.size.stdout
 
Finished building: W25Q_SPI.list
 
